
> @davi/web@0.1.0 build
> next build

  ▲ Next.js 14.2.15

   Creating an optimized production build ...
Failed to compile.

./app/(admin)/academics/workspace/[classId]/sections/[sectionId]/page.tsx
Module not found: Can't resolve '../../../../../../lib/api'

https://nextjs.org/docs/messages/module-not-found

./app/(admin)/academics/workspace/[classId]/sections/[sectionId]/page.tsx
Module not found: Can't resolve '../../../../../../lib/auth-context'

https://nextjs.org/docs/messages/module-not-found

./app/(admin)/academics/workspace/[classId]/sections/[sectionId]/page.tsx
Module not found: Can't resolve '../../../../../../lib/toast-context'

https://nextjs.org/docs/messages/module-not-found

./app/(admin)/academics/workspace/[classId]/sections/[sectionId]/page.tsx
Module not found: Can't resolve '../../../../../../components/ui'

https://nextjs.org/docs/messages/module-not-found


> Build failed because of webpack errors
npm error Lifecycle script `build` failed with error:
npm error code 1
npm error path D:\Project-DAVI\apps\web
npm error workspace @davi/web@0.1.0
npm error location D:\Project-DAVI\apps\web
npm error command failed
npm error command C:\WINDOWS\system32\cmd.exe /d /s /c next build
